W25Q64_Flash.c:30:9:W25Q64_Init	16	static
W25Q64_Flash.c:43:6:W25Q64_ResetFlash	16	static
W25Q64_Flash.c:52:6:W25Q64_WriteEnable	16	static
W25Q64_Flash.c:61:6:W25Q64_WriteDisable	16	static
W25Q64_Flash.c:70:9:W25Q64_ReadStatusRegister1	16	static
W25Q64_Flash.c:83:9:W25Q64_ReadStatusRegister2	16	static
W25Q64_Flash.c:96:6:W25Q64_WriteStatusRegister	24	static
W25Q64_Flash.c:111:19:W25Q64_ReadDataBytes	32	static
W25Q64_Flash.c:131:19:W25Q64_PageProgram	32	static
W25Q64_Flash.c:152:19:W25Q64_SectorErase	32	static
W25Q64_Flash.c:176:19:W25Q64_ChipErase	16	static
W25Q64_Flash.c:193:6:W25Q64_get_JEDEC_ID	24	static
W25Q64_Flash.c:210:6:W25Q64_WriteEnable_and_WaitForWriteEnableLatch	8	static
W25Q64_Flash.c:218:6:W25Q64_WaitForWriteEnableLatch	8	static
W25Q64_Flash.c:226:6:W25Q64_WaitForWriteInProgressClear	8	static
W25Q64_Flash.c:234:19:W25Q64_SPI_Transmit_Data	24	static
W25Q64_Flash.c:243:19:W25Q64_SPI_Receive_Data	24	static
W25Q64_Flash.c:252:6:W25Q64_Set_ChipSelect_Low	8	static
W25Q64_Flash.c:257:6:W25Q64_Set_ChipSelect_High	8	static
